Flow report for xram_sdram_vector
Tue Feb 14 15:18:34 2023
Quartus Prime Version 18.1.0 Build 625 09/12/2018 SJ Lite Edition


---------------------
; Table of Contents ;
---------------------
  1. Legal Notice
  2. Flow Summary
  3. Flow Settings
  4. Flow Non-Default Global Settings
  5. Flow Elapsed Time
  6. Flow OS Summary
  7. Flow Log
  8. Flow Messages
  9. Flow Suppressed Messages



----------------
; Legal Notice ;
----------------
Copyright (C) 2018  Intel Corporation. All rights reserved.
Your use of Intel Corporation's design tools, logic functions 
and other software and tools, and its AMPP partner logic 
functions, and any output files from any of the foregoing 
(including device programming or simulation files), and any 
associated documentation or information are expressly subject 
to the terms and conditions of the Intel Program License 
Subscription Agreement, the Intel Quartus Prime License Agreement,
the Intel FPGA IP License Agreement, or other applicable license
agreement, including, without limitation, that your use is for
the sole purpose of programming logic devices manufactured by
Intel and sold by Intel or its authorized distributors.  Please
refer to the applicable agreement for further details.



+----------------------------------------------------------------------------------+
; Flow Summary                                                                     ;
+------------------------------------+---------------------------------------------+
; Flow Status                        ; Successful - Tue Feb 14 15:18:34 2023       ;
; Quartus Prime Version              ; 18.1.0 Build 625 09/12/2018 SJ Lite Edition ;
; Revision Name                      ; xram_sdram_vector                           ;
; Top-level Entity Name              ; de10lite_xram_sdram                         ;
; Family                             ; MAX 10                                      ;
; Device                             ; 10M50DAF484C7G                              ;
; Timing Models                      ; Final                                       ;
; Total logic elements               ; 28,297 / 49,760 ( 57 % )                    ;
;     Total combinational functions  ; 24,816 / 49,760 ( 50 % )                    ;
;     Dedicated logic registers      ; 13,356 / 49,760 ( 27 % )                    ;
; Total registers                    ; 13356                                       ;
; Total pins                         ; 195 / 360 ( 54 % )                          ;
; Total virtual pins                 ; 0                                           ;
; Total memory bits                  ; 644,096 / 1,677,312 ( 38 % )                ;
; Embedded Multiplier 9-bit elements ; 79 / 288 ( 27 % )                           ;
; Total PLLs                         ; 1 / 4 ( 25 % )                              ;
; UFM blocks                         ; 0 / 1 ( 0 % )                               ;
; ADC blocks                         ; 0 / 2 ( 0 % )                               ;
+------------------------------------+---------------------------------------------+


+-----------------------------------------+
; Flow Settings                           ;
+-------------------+---------------------+
; Option            ; Setting             ;
+-------------------+---------------------+
; Start date & time ; 02/14/2023 14:27:24 ;
; Main task         ; Compilation         ;
; Revision Name     ; xram_sdram_vector   ;
+-------------------+---------------------+


+-----------------------------------------------------------------------------------------------------------------------------------------+
; Flow Non-Default Global Settings                                                                                                        ;
+-------------------------------------+----------------------------------------+-------------------+---------------------+----------------+
; Assignment Name                     ; Value                                  ; Default Value     ; Entity Name         ; Section Id     ;
+-------------------------------------+----------------------------------------+-------------------+---------------------+----------------+
; ADV_NETLIST_OPT_SYNTH_GATE_RETIME   ; -- (Not supported for targeted family) ; Off               ; --                  ; --             ;
; COMPILER_SIGNATURE_ID               ; 91762468218.167637404401768            ; --                ; --                  ; --             ;
; EDA_OUTPUT_DATA_FORMAT              ; Vhdl                                   ; --                ; --                  ; eda_simulation ;
; EDA_SIMULATION_TOOL                 ; ModelSim-Altera (VHDL)                 ; <None>            ; --                  ; --             ;
; FITTER_EFFORT                       ; Standard Fit                           ; Auto Fit          ; --                  ; --             ;
; MAX_CORE_JUNCTION_TEMP              ; 85                                     ; --                ; --                  ; --             ;
; MIN_CORE_JUNCTION_TEMP              ; 0                                      ; --                ; --                  ; --             ;
; NOMINAL_CORE_SUPPLY_VOLTAGE         ; 1.2V                                   ; --                ; --                  ; --             ;
; PARTITION_COLOR                     ; -- (Not supported for targeted family) ; --                ; de10lite_xram_sdram ; Top            ;
; PARTITION_FITTER_PRESERVATION_LEVEL ; -- (Not supported for targeted family) ; --                ; de10lite_xram_sdram ; Top            ;
; PARTITION_NETLIST_TYPE              ; -- (Not supported for targeted family) ; --                ; de10lite_xram_sdram ; Top            ;
; POWER_BOARD_THERMAL_MODEL           ; None (CONSERVATIVE)                    ; --                ; --                  ; --             ;
; POWER_PRESET_COOLING_SOLUTION       ; 23 MM HEAT SINK WITH 200 LFPM AIRFLOW  ; --                ; --                  ; --             ;
; TOP_LEVEL_ENTITY                    ; de10lite_xram_sdram                    ; xram_sdram_vector ; --                  ; --             ;
+-------------------------------------+----------------------------------------+-------------------+---------------------+----------------+


+--------------------------------------------------------------------------------------------------------------------------+
; Flow Elapsed Time                                                                                                        ;
+----------------------+--------------+-------------------------+---------------------+------------------------------------+
; Module Name          ; Elapsed Time ; Average Processors Used ; Peak Virtual Memory ; Total CPU Time (on all processors) ;
+----------------------+--------------+-------------------------+---------------------+------------------------------------+
; Analysis & Synthesis ; 00:01:53     ; 1.0                     ; 4970 MB             ; 00:02:15                           ;
; Fitter               ; 00:47:32     ; 1.1                     ; 5708 MB             ; 00:54:23                           ;
; Assembler            ; 00:00:07     ; 1.0                     ; 4780 MB             ; 00:00:06                           ;
; Timing Analyzer      ; 00:01:12     ; 1.7                     ; 5072 MB             ; 00:01:58                           ;
; EDA Netlist Writer   ; 00:00:09     ; 1.0                     ; 4912 MB             ; 00:00:09                           ;
; Total                ; 00:50:53     ; --                      ; --                  ; 00:58:51                           ;
+----------------------+--------------+-------------------------+---------------------+------------------------------------+


+------------------------------------------------------------------------------------+
; Flow OS Summary                                                                    ;
+----------------------+------------------+------------+------------+----------------+
; Module Name          ; Machine Hostname ; OS Name    ; OS Version ; Processor type ;
+----------------------+------------------+------------+------------+----------------+
; Analysis & Synthesis ; DESKTOP-AFNEJRD  ; Windows 10 ; 10.0       ; x86_64         ;
; Fitter               ; DESKTOP-AFNEJRD  ; Windows 10 ; 10.0       ; x86_64         ;
; Assembler            ; DESKTOP-AFNEJRD  ; Windows 10 ; 10.0       ; x86_64         ;
; Timing Analyzer      ; DESKTOP-AFNEJRD  ; Windows 10 ; 10.0       ; x86_64         ;
; EDA Netlist Writer   ; DESKTOP-AFNEJRD  ; Windows 10 ; 10.0       ; x86_64         ;
+----------------------+------------------+------------+------------+----------------+


------------
; Flow Log ;
------------
quartus_map --read_settings_files=on --write_settings_files=off xram_sdram_vector -c xram_sdram_vector
quartus_fit --read_settings_files=off --write_settings_files=off xram_sdram_vector -c xram_sdram_vector
quartus_asm --read_settings_files=off --write_settings_files=off xram_sdram_vector -c xram_sdram_vector
quartus_sta xram_sdram_vector -c xram_sdram_vector
quartus_eda --read_settings_files=off --write_settings_files=off xram_sdram_vector -c xram_sdram_vector



